ret > ExitFailure 1
err > Error: May not be a PDF file (continuing anyway)
err > Error: PDF file is damaged - attempting to reconstruct xref table...
err > Error: Couldn't find trailer dictionary
err > Error: Couldn't read xref table
err > pdfname: PDF file or its metadata information is damaged
err >
